(base) phantom@phantoms-mbp-6 couchbase % node -r dotenv/config db.js
[2022-07-07 14:48:16.910] [12923,15893601] [warning] 65ms, DNS SRV query returned 0 records for "cb.mnlj-xaty8aqod.cloud.couchbase.com", assuming that cluster is listening this address
[2022-07-07 14:48:16.911] [12923,15893601] [warning] 0ms, [8a92a59d-4009-4332-18b6-00b118992fef]: TLS is required when connecting to Couchbase Capella. Please enable TLS by prefixing the connection string with "couchbases://" (note the final 's').
[2022-07-07 14:48:16.911] [12923,15893601] [debug] 0ms, [8a92a59d-4009-4332-18b6-00b118992fef/0c3c1944-6b38-4462-f837-3a18b45fab40/plain/-] <cb.mnlj-xaty8aqod.cloud.couchbase.com:11210> attempt to establish MCBP connection
[2022-07-07 14:48:16.913] [12923,15893601] [error] 1ms, [8a92a59d-4009-4332-18b6-00b118992fef/0c3c1944-6b38-4462-f837-3a18b45fab40/plain/-] <cb.mnlj-xaty8aqod.cloud.couchbase.com:11210> error on resolve: 1 (Host not found (authoritative))
[2022-07-07 14:48:16.913] [12923,15893601] [debug] 0ms, [8a92a59d-4009-4332-18b6-00b118992fef/0c3c1944-6b38-4462-f837-3a18b45fab40/plain/-] <cb.mnlj-xaty8aqod.cloud.couchbase.com:11210> reached the end of list of bootstrap nodes, waiting for 500ms before restart
[2022-07-07 14:48:17.416] [12923,15893601] [debug] 503ms, [8a92a59d-4009-4332-18b6-00b118992fef/0c3c1944-6b38-4462-f837-3a18b45fab40/plain/-] <cb.mnlj-xaty8aqod.cloud.couchbase.com:11210> attempt to establish MCBP connection
[2022-07-07 14:48:17.418] [12923,15893601] [error] 1ms, [8a92a59d-4009-4332-18b6-00b118992fef/0c3c1944-6b38-4462-f837-3a18b45fab40/plain/-] <cb.mnlj-xaty8aqod.cloud.couchbase.com:11210> error on resolve: 1 (Host not found (authoritative))
[2022-07-07 14:48:17.418] [12923,15893601] [debug] 0ms, [8a92a59d-4009-4332-18b6-00b118992fef/0c3c1944-6b38-4462-f837-3a18b45fab40/plain/-] <cb.mnlj-xaty8aqod.cloud.couchbase.com:11210> reached the end of list of bootstrap nodes, waiting for 500ms before restart
[2022-07-07 14:48:17.921] [12923,15893601] [debug] 503ms, [8a92a59d-4009-4332-18b6-00b118992fef/0c3c1944-6b38-4462-f837-3a18b45fab40/plain/-] <cb.mnlj-xaty8aqod.cloud.couchbase.com:11210> attempt to establish MCBP connection
[2022-07-07 14:48:17.922] [12923,15893601] [error] 1ms, [8a92a59d-4009-4332-18b6-00b118992fef/0c3c1944-6b38-4462-f837-3a18b45fab40/plain/-] <cb.mnlj-xaty8aqod.cloud.couchbase.com:11210> error on resolve: 1 (Host not found (authoritative))
[2022-07-07 14:48:17.922] [12923,15893601] [debug] 0ms, [8a92a59d-4009-4332-18b6-00b118992fef/0c3c1944-6b38-4462-f837-3a18b45fab40/plain/-] <cb.mnlj-xaty8aqod.cloud.couchbase.com:11210> reached the end of list of bootstrap nodes, waiting for 500ms before restart
[2022-07-07 14:48:18.427] [12923,15893601] [debug] 504ms, [8a92a59d-4009-4332-18b6-00b118992fef/0c3c1944-6b38-4462-f837-3a18b45fab40/plain/-] <cb.mnlj-xaty8aqod.cloud.couchbase.com:11210> attempt to establish MCBP connection
[2022-07-07 14:48:18.429] [12923,15893601] [error] 2ms, [8a92a59d-4009-4332-18b6-00b118992fef/0c3c1944-6b38-4462-f837-3a18b45fab40/plain/-] <cb.mnlj-xaty8aqod.cloud.couchbase.com:11210> error on resolve: 1 (Host not found (authoritative))
[2022-07-07 14:48:18.429] [12923,15893601] [debug] 0ms, [8a92a59d-4009-4332-18b6-00b118992fef/0c3c1944-6b38-4462-f837-3a18b45fab40/plain/-] <cb.mnlj-xaty8aqod.cloud.couchbase.com:11210> reached the end of list of bootstrap nodes, waiting for 500ms before restart
[2022-07-07 14:48:18.932] [12923,15893601] [debug] 502ms, [8a92a59d-4009-4332-18b6-00b118992fef/0c3c1944-6b38-4462-f837-3a18b45fab40/plain/-] <cb.mnlj-xaty8aqod.cloud.couchbase.com:11210> attempt to establish MCBP connection
[2022-07-07 14:48:18.933] [12923,15893601] [error] 1ms, [8a92a59d-4009-4332-18b6-00b118992fef/0c3c1944-6b38-4462-f837-3a18b45fab40/plain/-] <cb.mnlj-xaty8aqod.cloud.couchbase.com:11210> error on resolve: 1 (Host not found (authoritative))
[2022-07-07 14:48:18.933] [12923,15893601] [debug] 0ms, [8a92a59d-4009-4332-18b6-00b118992fef/0c3c1944-6b38-4462-f837-3a18b45fab40/plain/-] <cb.mnlj-xaty8aqod.cloud.couchbase.com:11210> reached the end of list of bootstrap nodes, waiting for 500ms before restart
[2022-07-07 14:48:19.434] [12923,15893601] [debug] 501ms, [8a92a59d-4009-4332-18b6-00b118992fef/0c3c1944-6b38-4462-f837-3a18b45fab40/plain/-] <cb.mnlj-xaty8aqod.cloud.couchbase.com:11210> attempt to establish MCBP connection
[2022-07-07 14:48:19.436] [12923,15893601] [error] 1ms, [8a92a59d-4009-4332-18b6-00b118992fef/0c3c1944-6b38-4462-f837-3a18b45fab40/plain/-] <cb.mnlj-xaty8aqod.cloud.couchbase.com:11210> error on resolve: 1 (Host not found (authoritative))
[2022-07-07 14:48:19.436] [12923,15893601] [debug] 0ms, [8a92a59d-4009-4332-18b6-00b118992fef/0c3c1944-6b38-4462-f837-3a18b45fab40/plain/-] <cb.mnlj-xaty8aqod.cloud.couchbase.com:11210> reached the end of list of bootstrap nodes, waiting for 500ms before restart
[2022-07-07 14:48:19.940] [12923,15893601] [debug] 504ms, [8a92a59d-4009-4332-18b6-00b118992fef/0c3c1944-6b38-4462-f837-3a18b45fab40/plain/-] <cb.mnlj-xaty8aqod.cloud.couchbase.com:11210> attempt to establish MCBP connection
[2022-07-07 14:48:19.944] [12923,15893601] [error] 3ms, [8a92a59d-4009-4332-18b6-00b118992fef/0c3c1944-6b38-4462-f837-3a18b45fab40/plain/-] <cb.mnlj-xaty8aqod.cloud.couchbase.com:11210> error on resolve: 1 (Host not found (authoritative))
[2022-07-07 14:48:19.944] [12923,15893601] [debug] 0ms, [8a92a59d-4009-4332-18b6-00b118992fef/0c3c1944-6b38-4462-f837-3a18b45fab40/plain/-] <cb.mnlj-xaty8aqod.cloud.couchbase.com:11210> reached the end of list of bootstrap nodes, waiting for 500ms before restart
[2022-07-07 14:48:20.447] [12923,15893601] [debug] 503ms, [8a92a59d-4009-4332-18b6-00b118992fef/0c3c1944-6b38-4462-f837-3a18b45fab40/plain/-] <cb.mnlj-xaty8aqod.cloud.couchbase.com:11210> attempt to establish MCBP connection
[2022-07-07 14:48:20.449] [12923,15893601] [error] 1ms, [8a92a59d-4009-4332-18b6-00b118992fef/0c3c1944-6b38-4462-f837-3a18b45fab40/plain/-] <cb.mnlj-xaty8aqod.cloud.couchbase.com:11210> error on resolve: 1 (Host not found (authoritative))
[2022-07-07 14:48:20.449] [12923,15893601] [debug] 0ms, [8a92a59d-4009-4332-18b6-00b118992fef/0c3c1944-6b38-4462-f837-3a18b45fab40/plain/-] <cb.mnlj-xaty8aqod.cloud.couchbase.com:11210> reached the end of list of bootstrap nodes, waiting for 500ms before restart
[2022-07-07 14:48:20.953] [12923,15893601] [debug] 504ms, [8a92a59d-4009-4332-18b6-00b118992fef/0c3c1944-6b38-4462-f837-3a18b45fab40/plain/-] <cb.mnlj-xaty8aqod.cloud.couchbase.com:11210> attempt to establish MCBP connection
[2022-07-07 14:48:20.955] [12923,15893601] [error] 1ms, [8a92a59d-4009-4332-18b6-00b118992fef/0c3c1944-6b38-4462-f837-3a18b45fab40/plain/-] <cb.mnlj-xaty8aqod.cloud.couchbase.com:11210> error on resolve: 1 (Host not found (authoritative))
[2022-07-07 14:48:20.955] [12923,15893601] [debug] 0ms, [8a92a59d-4009-4332-18b6-00b118992fef/0c3c1944-6b38-4462-f837-3a18b45fab40/plain/-] <cb.mnlj-xaty8aqod.cloud.couchbase.com:11210> reached the end of list of bootstrap nodes, waiting for 500ms before restart
[2022-07-07 14:48:21.458] [12923,15893601] [debug] 502ms, [8a92a59d-4009-4332-18b6-00b118992fef/0c3c1944-6b38-4462-f837-3a18b45fab40/plain/-] <cb.mnlj-xaty8aqod.cloud.couchbase.com:11210> attempt to establish MCBP connection
[2022-07-07 14:48:21.459] [12923,15893601] [error] 1ms, [8a92a59d-4009-4332-18b6-00b118992fef/0c3c1944-6b38-4462-f837-3a18b45fab40/plain/-] <cb.mnlj-xaty8aqod.cloud.couchbase.com:11210> error on resolve: 1 (Host not found (authoritative))
[2022-07-07 14:48:21.459] [12923,15893601] [debug] 0ms, [8a92a59d-4009-4332-18b6-00b118992fef/0c3c1944-6b38-4462-f837-3a18b45fab40/plain/-] <cb.mnlj-xaty8aqod.cloud.couchbase.com:11210> reached the end of list of bootstrap nodes, waiting for 500ms before restart
[2022-07-07 14:48:21.964] [12923,15893601] [debug] 504ms, [8a92a59d-4009-4332-18b6-00b118992fef/0c3c1944-6b38-4462-f837-3a18b45fab40/plain/-] <cb.mnlj-xaty8aqod.cloud.couchbase.com:11210> attempt to establish MCBP connection
[2022-07-07 14:48:21.965] [12923,15893601] [error] 1ms, [8a92a59d-4009-4332-18b6-00b118992fef/0c3c1944-6b38-4462-f837-3a18b45fab40/plain/-] <cb.mnlj-xaty8aqod.cloud.couchbase.com:11210> error on resolve: 1 (Host not found (authoritative))
[2022-07-07 14:48:21.965] [12923,15893601] [debug] 0ms, [8a92a59d-4009-4332-18b6-00b118992fef/0c3c1944-6b38-4462-f837-3a18b45fab40/plain/-] <cb.mnlj-xaty8aqod.cloud.couchbase.com:11210> reached the end of list of bootstrap nodes, waiting for 500ms before restart
[2022-07-07 14:48:22.468] [12923,15893601] [debug] 502ms, [8a92a59d-4009-4332-18b6-00b118992fef/0c3c1944-6b38-4462-f837-3a18b45fab40/plain/-] <cb.mnlj-xaty8aqod.cloud.couchbase.com:11210> attempt to establish MCBP connection
[2022-07-07 14:48:22.469] [12923,15893601] [error] 1ms, [8a92a59d-4009-4332-18b6-00b118992fef/0c3c1944-6b38-4462-f837-3a18b45fab40/plain/-] <cb.mnlj-xaty8aqod.cloud.couchbase.com:11210> error on resolve: 1 (Host not found (authoritative))
[2022-07-07 14:48:22.469] [12923,15893601] [debug] 0ms, [8a92a59d-4009-4332-18b6-00b118992fef/0c3c1944-6b38-4462-f837-3a18b45fab40/plain/-] <cb.mnlj-xaty8aqod.cloud.couchbase.com:11210> reached the end of list of bootstrap nodes, waiting for 500ms before restart
[2022-07-07 14:48:22.973] [12923,15893601] [debug] 504ms, [8a92a59d-4009-4332-18b6-00b118992fef/0c3c1944-6b38-4462-f837-3a18b45fab40/plain/-] <cb.mnlj-xaty8aqod.cloud.couchbase.com:11210> attempt to establish MCBP connection
[2022-07-07 14:48:22.975] [12923,15893601] [error] 1ms, [8a92a59d-4009-4332-18b6-00b118992fef/0c3c1944-6b38-4462-f837-3a18b45fab40/plain/-] <cb.mnlj-xaty8aqod.cloud.couchbase.com:11210> error on resolve: 1 (Host not found (authoritative))
[2022-07-07 14:48:22.975] [12923,15893601] [debug] 0ms, [8a92a59d-4009-4332-18b6-00b118992fef/0c3c1944-6b38-4462-f837-3a18b45fab40/plain/-] <cb.mnlj-xaty8aqod.cloud.couchbase.com:11210> reached the end of list of bootstrap nodes, waiting for 500ms before restart
[2022-07-07 14:48:23.476] [12923,15893601] [debug] 501ms, [8a92a59d-4009-4332-18b6-00b118992fef/0c3c1944-6b38-4462-f837-3a18b45fab40/plain/-] <cb.mnlj-xaty8aqod.cloud.couchbase.com:11210> attempt to establish MCBP connection
[2022-07-07 14:48:23.477] [12923,15893601] [error] 1ms, [8a92a59d-4009-4332-18b6-00b118992fef/0c3c1944-6b38-4462-f837-3a18b45fab40/plain/-] <cb.mnlj-xaty8aqod.cloud.couchbase.com:11210> error on resolve: 1 (Host not found (authoritative))
[2022-07-07 14:48:23.477] [12923,15893601] [debug] 0ms, [8a92a59d-4009-4332-18b6-00b118992fef/0c3c1944-6b38-4462-f837-3a18b45fab40/plain/-] <cb.mnlj-xaty8aqod.cloud.couchbase.com:11210> reached the end of list of bootstrap nodes, waiting for 500ms before restart
[2022-07-07 14:48:23.981] [12923,15893601] [debug] 503ms, [8a92a59d-4009-4332-18b6-00b118992fef/0c3c1944-6b38-4462-f837-3a18b45fab40/plain/-] <cb.mnlj-xaty8aqod.cloud.couchbase.com:11210> attempt to establish MCBP connection
[2022-07-07 14:48:23.983] [12923,15893601] [error] 1ms, [8a92a59d-4009-4332-18b6-00b118992fef/0c3c1944-6b38-4462-f837-3a18b45fab40/plain/-] <cb.mnlj-xaty8aqod.cloud.couchbase.com:11210> error on resolve: 1 (Host not found (authoritative))
[2022-07-07 14:48:23.983] [12923,15893601] [debug] 0ms, [8a92a59d-4009-4332-18b6-00b118992fef/0c3c1944-6b38-4462-f837-3a18b45fab40/plain/-] <cb.mnlj-xaty8aqod.cloud.couchbase.com:11210> reached the end of list of bootstrap nodes, waiting for 500ms before restart
[2022-07-07 14:48:24.487] [12923,15893601] [debug] 504ms, [8a92a59d-4009-4332-18b6-00b118992fef/0c3c1944-6b38-4462-f837-3a18b45fab40/plain/-] <cb.mnlj-xaty8aqod.cloud.couchbase.com:11210> attempt to establish MCBP connection
[2022-07-07 14:48:24.488] [12923,15893601] [error] 1ms, [8a92a59d-4009-4332-18b6-00b118992fef/0c3c1944-6b38-4462-f837-3a18b45fab40/plain/-] <cb.mnlj-xaty8aqod.cloud.couchbase.com:11210> error on resolve: 1 (Host not found (authoritative))
[2022-07-07 14:48:24.488] [12923,15893601] [debug] 0ms, [8a92a59d-4009-4332-18b6-00b118992fef/0c3c1944-6b38-4462-f837-3a18b45fab40/plain/-] <cb.mnlj-xaty8aqod.cloud.couchbase.com:11210> reached the end of list of bootstrap nodes, waiting for 500ms before restart
[2022-07-07 14:48:24.994] [12923,15893601] [debug] 505ms, [8a92a59d-4009-4332-18b6-00b118992fef/0c3c1944-6b38-4462-f837-3a18b45fab40/plain/-] <cb.mnlj-xaty8aqod.cloud.couchbase.com:11210> attempt to establish MCBP connection
[2022-07-07 14:48:24.997] [12923,15893601] [error] 2ms, [8a92a59d-4009-4332-18b6-00b118992fef/0c3c1944-6b38-4462-f837-3a18b45fab40/plain/-] <cb.mnlj-xaty8aqod.cloud.couchbase.com:11210> error on resolve: 1 (Host not found (authoritative))
[2022-07-07 14:48:24.997] [12923,15893601] [debug] 0ms, [8a92a59d-4009-4332-18b6-00b118992fef/0c3c1944-6b38-4462-f837-3a18b45fab40/plain/-] <cb.mnlj-xaty8aqod.cloud.couchbase.com:11210> reached the end of list of bootstrap nodes, waiting for 500ms before restart
[2022-07-07 14:48:25.501] [12923,15893601] [debug] 504ms, [8a92a59d-4009-4332-18b6-00b118992fef/0c3c1944-6b38-4462-f837-3a18b45fab40/plain/-] <cb.mnlj-xaty8aqod.cloud.couchbase.com:11210> attempt to establish MCBP connection
[2022-07-07 14:48:25.504] [12923,15893601] [error] 2ms, [8a92a59d-4009-4332-18b6-00b118992fef/0c3c1944-6b38-4462-f837-3a18b45fab40/plain/-] <cb.mnlj-xaty8aqod.cloud.couchbase.com:11210> error on resolve: 1 (Host not found (authoritative))
[2022-07-07 14:48:25.504] [12923,15893601] [debug] 0ms, [8a92a59d-4009-4332-18b6-00b118992fef/0c3c1944-6b38-4462-f837-3a18b45fab40/plain/-] <cb.mnlj-xaty8aqod.cloud.couchbase.com:11210> reached the end of list of bootstrap nodes, waiting for 500ms before restart
[2022-07-07 14:48:26.007] [12923,15893601] [debug] 503ms, [8a92a59d-4009-4332-18b6-00b118992fef/0c3c1944-6b38-4462-f837-3a18b45fab40/plain/-] <cb.mnlj-xaty8aqod.cloud.couchbase.com:11210> attempt to establish MCBP connection
[2022-07-07 14:48:26.009] [12923,15893601] [error] 1ms, [8a92a59d-4009-4332-18b6-00b118992fef/0c3c1944-6b38-4462-f837-3a18b45fab40/plain/-] <cb.mnlj-xaty8aqod.cloud.couchbase.com:11210> error on resolve: 1 (Host not found (authoritative))
[2022-07-07 14:48:26.009] [12923,15893601] [debug] 0ms, [8a92a59d-4009-4332-18b6-00b118992fef/0c3c1944-6b38-4462-f837-3a18b45fab40/plain/-] <cb.mnlj-xaty8aqod.cloud.couchbase.com:11210> reached the end of list of bootstrap nodes, waiting for 500ms before restart
[2022-07-07 14:48:26.513] [12923,15893601] [debug] 503ms, [8a92a59d-4009-4332-18b6-00b118992fef/0c3c1944-6b38-4462-f837-3a18b45fab40/plain/-] <cb.mnlj-xaty8aqod.cloud.couchbase.com:11210> attempt to establish MCBP connection
[2022-07-07 14:48:26.515] [12923,15893601] [error] 1ms, [8a92a59d-4009-4332-18b6-00b118992fef/0c3c1944-6b38-4462-f837-3a18b45fab40/plain/-] <cb.mnlj-xaty8aqod.cloud.couchbase.com:11210> error on resolve: 1 (Host not found (authoritative))
[2022-07-07 14:48:26.515] [12923,15893601] [debug] 0ms, [8a92a59d-4009-4332-18b6-00b118992fef/0c3c1944-6b38-4462-f837-3a18b45fab40/plain/-] <cb.mnlj-xaty8aqod.cloud.couchbase.com:11210> reached the end of list of bootstrap nodes, waiting for 500ms before restart
[2022-07-07 14:48:26.916] [12923,15893601] [warning] 401ms, [8a92a59d-4009-4332-18b6-00b118992fef/0c3c1944-6b38-4462-f837-3a18b45fab40/plain/-] <cb.mnlj-xaty8aqod.cloud.couchbase.com:11210> unable to bootstrap in time
[2022-07-07 14:48:26.916] [12923,15893601] [debug] 0ms, [8a92a59d-4009-4332-18b6-00b118992fef/0c3c1944-6b38-4462-f837-3a18b45fab40/plain/-] <cb.mnlj-xaty8aqod.cloud.couchbase.com:11210> stop MCBP connection, reason=do_not_retry
[Error: unambiguous_timeout] { code: 14 }
Query failed:  TypeError: Cannot read properties of undefined (reading 'query')
    at main (/Users/phantom/Documents/codes-local/couchbase/db.js:26:32)
ERR: TypeError: Cannot read properties of undefined (reading 'bucket')
    at main (/Users/phantom/Documents/codes-local/couchbase/db.js:33:26)